../Drivers/CMSIS/Include/core_cm7.h:2229:22:void SCB_EnableICache()	4	static,ignoring_inline_asm
../Drivers/CMSIS/Include/core_cm7.h:2281:22:void SCB_EnableDCache()	24	static,ignoring_inline_asm
/home/michael/STM32CubeIDE/workspace_1.12.0/KWS_CPP/tensorflow/tensorflow/lite/core/api/error_reporter.h:37:11:tflite::ErrorReporter::~ErrorReporter()	16	static
/home/michael/STM32CubeIDE/workspace_1.12.0/KWS_CPP/tensorflow/tensorflow/lite/core/api/error_reporter.h:37:11:virtual tflite::ErrorReporter::~ErrorReporter()	16	static
/opt/st/stm32cubeide_1.12.0/plugins/com.st.stm32cube.ide.mcu.externaltools.gnu-tools-for-stm32.10.3-2021.10.linux64_1.0.200.202301161003/tools/arm-none-eabi/include/c++/10.3.1/arm-none-eabi/thumb/v7e-m+fp/hard/bits/gthr-default.h:229:1:int __gthread_key_delete(__gthread_key_t)	16	static
/home/michael/STM32CubeIDE/workspace_1.12.0/KWS_CPP/third_party/flatbuffers/include/flatbuffers/flatbuffers.h:70:13:void flatbuffers::EndianCheck()	16	static
/home/michael/STM32CubeIDE/workspace_1.12.0/KWS_CPP/third_party/flatbuffers/include/flatbuffers/flatbuffers.h:2418:18:const uint8_t* flatbuffers::Table::GetVTable() const	24	static
/home/michael/STM32CubeIDE/workspace_1.12.0/KWS_CPP/third_party/flatbuffers/include/flatbuffers/flatbuffers.h:2424:13:flatbuffers::voffset_t flatbuffers::Table::GetOptionalFieldOffset(flatbuffers::voffset_t) const	24	static
/home/michael/STM32CubeIDE/workspace_1.12.0/KWS_CPP/tensorflow/tensorflow/lite/schema/schema_generated.h:10577:12:uint32_t tflite::Model::version() const	16	static
/home/michael/STM32CubeIDE/workspace_1.12.0/KWS_CPP/tensorflow/tensorflow/lite/schema/schema_generated.h:16225:29:const tflite::Model* tflite::GetModel(const void*)	16	static
/home/michael/STM32CubeIDE/workspace_1.12.0/KWS_CPP/tensorflow/tensorflow/lite/micro/micro_error_reporter.h:26:3:tflite::MicroErrorReporter::~MicroErrorReporter()	16	static
/home/michael/STM32CubeIDE/workspace_1.12.0/KWS_CPP/tensorflow/tensorflow/lite/micro/micro_error_reporter.h:26:3:virtual tflite::MicroErrorReporter::~MicroErrorReporter()	16	static
../Core/Src/main.cpp:126:37:void __tcf_0()	8	static
../Core/Src/main.cpp:91:5:int main()	16	static
../Core/Src/main.cpp:157:6:void SystemClock_Config()	88	static
../Core/Src/main.cpp:204:13:void MX_CRC_Init()	8	static
../Core/Src/main.cpp:235:13:void MX_GPIO_Init()	72	static
../Core/Src/main.cpp:765:13:void uart1_init()	8	static
../Core/Src/main.cpp:796:6:void Error_Handler()	8	static
/home/michael/STM32CubeIDE/workspace_1.12.0/KWS_CPP/third_party/flatbuffers/include/flatbuffers/base.h:362:24:T flatbuffers::EndianScalar(T) [with T = long unsigned int]	16	static
/home/michael/STM32CubeIDE/workspace_1.12.0/KWS_CPP/third_party/flatbuffers/include/flatbuffers/base.h:373:3:T flatbuffers::ReadScalar(const void*) [with T = short unsigned int]	16	static
/home/michael/STM32CubeIDE/workspace_1.12.0/KWS_CPP/third_party/flatbuffers/include/flatbuffers/base.h:373:3:T flatbuffers::ReadScalar(const void*) [with T = long unsigned int]	16	static
/home/michael/STM32CubeIDE/workspace_1.12.0/KWS_CPP/third_party/flatbuffers/include/flatbuffers/base.h:373:3:T flatbuffers::ReadScalar(const void*) [with T = long int]	16	static
/home/michael/STM32CubeIDE/workspace_1.12.0/KWS_CPP/third_party/flatbuffers/include/flatbuffers/flatbuffers.h:2434:26:T flatbuffers::Table::GetField(flatbuffers::voffset_t, T) const [with T = long unsigned int]	32	static
/home/michael/STM32CubeIDE/workspace_1.12.0/KWS_CPP/third_party/flatbuffers/include/flatbuffers/flatbuffers.h:2086:31:const T* flatbuffers::GetRoot(const void*) [with T = tflite::Model]	16	static
/home/michael/STM32CubeIDE/workspace_1.12.0/KWS_CPP/third_party/flatbuffers/include/flatbuffers/base.h:362:24:T flatbuffers::EndianScalar(T) [with T = long int]	16	static
/home/michael/STM32CubeIDE/workspace_1.12.0/KWS_CPP/third_party/flatbuffers/include/flatbuffers/base.h:362:24:T flatbuffers::EndianScalar(T) [with T = short unsigned int]	16	static
/home/michael/STM32CubeIDE/workspace_1.12.0/KWS_CPP/third_party/flatbuffers/include/flatbuffers/flatbuffers.h:2079:25:T* flatbuffers::GetMutableRoot(void*) [with T = tflite::Model]	16	static
